4
1.100000 1.100000
2.200000 2.200000
3.300000 3.300000
4.400000 4.400000
